// Jest Snapshot v1, https://goo.gl/fbAQLP

exports[`Footer renders properly 1`] = `
<div
  className="footer"
>
  Footer
</div>
`;
