// Jest Snapshot v1, https://goo.gl/fbAQLP

exports[`App renders properly 1`] = `
<div
  className="app"
  person="testing"
>
  <Header
    name="header"
  />
  Search Below
  <SearchForm
    name="search"
  />
  <Footer
    name="footer"
  />
</div>
`;
